{
    "page": 2,
    "size": 5,
    "pages": 1,
    "total": 4,
    "_links": [],
    "rows": []
}
