[
    {
        "identifier": "122ffa9e-3439-414b-be8a-5abd3f05007c",
        "team_name": "Team Sigma",
        "established_date": "2021-12-01T00:00:00+00:00",
        "_links": {
            "self": "http:\/\/localhost\/youwe_team\/122ffa9e-3439-414b-be8a-5abd3f05007c"
        }
    },
    {
        "identifier": "bd2f440e-8fa9-4db9-aa5c-f210ea816900",
        "team_name": "Team Sirius",
        "established_date": "2020-05-05T00:00:00+00:00",
        "_links": {
            "self": "http:\/\/localhost\/youwe_team\/bd2f440e-8fa9-4db9-aa5c-f210ea816900"
        }
    },
    {
        "identifier": "b23b7cb3-570d-4ccb-8490-ea9c7ba81393",
        "team_name": "Team Panda",
        "established_date": "2019-03-17T00:00:00+00:00",
        "_links": {
            "self": "http:\/\/localhost\/youwe_team\/b23b7cb3-570d-4ccb-8490-ea9c7ba81393"
        }
    },
    {
        "identifier": "c6c4cddf-d4fc-4d39-876f-ec3a150d6e58",
        "team_name": "Team Groningen",
        "established_date": "2018-11-11T00:00:00+00:00",
        "_links": {
            "self": "http:\/\/localhost\/youwe_team\/c6c4cddf-d4fc-4d39-876f-ec3a150d6e58"
        }
    }
]
