{
    "identifier": "bd2f440e-8fa9-4db9-aa5c-f210ea816900",
    "team_name": "Team Sirius",
    "established_date": "2020-05-05T00:00:00+00:00",
    "_links": {
        "self": "http:\/\/localhost\/youwe_team\/bd2f440e-8fa9-4db9-aa5c-f210ea816900"
    }
}
